-----------BEGIN TRAFFIC STATISTICS-----------
TRAFFIC-COUNT-TX bytes:0 (0.0 B)-----------
TRAFFIC-COUNT-TX bytes:110 (0.0 B)-----------
TRAFFIC-COUNT-TX bytes:110 (0.0 B)-----------
TRAFFIC-COUNT-TX bytes:230 (0.0 B)-----------
TRAFFIC-COUNT-TX bytes:12 (0.0 B)-----------

